******************************************************************************
                  TI ARM Linker PC v18.1.6                     
******************************************************************************
>> Linked Fri Jul  5 00:12:20 2019

OUTPUT FILE NAME:   <Can_Node3.out>
ENTRY POINT SYMBOL: "_c_int00_noargs"  address: 00002d6d


MEMORY CONFIGURATION

         name            origin    length      used     unused   attr    fill
----------------------  --------  ---------  --------  --------  ----  --------
  FLASH                 00000000   00040000  00003046  0003cfba  R  X
  SRAM                  20000000   00008000  00005148  00002eb8  RW X


SEGMENT ALLOCATION MAP

run origin  load origin   length   init length attrs members
----------  ----------- ---------- ----------- ----- -------
00000000    00000000    00003048   00003048    r-x
  00000000    00000000    0000026c   0000026c    r-- .intvecs
  0000026c    0000026c    00002c76   00002c76    r-x .text
  00002ee4    00002ee4    00000124   00000124    r-- .const
  00003008    00003008    00000040   00000040    r-- .cinit
20000000    20000000    00005148   00000000    rw-
  20000000    20000000    00004ef0   00000000    rw- .bss
  20004ef0    20004ef0    00000200   00000000    rw- .stack
  200050f0    200050f0    00000058   00000000    rw- .data


SECTION ALLOCATION MAP

 output                                  attributes/
section   page    origin      length       input sections
--------  ----  ----------  ----------   ----------------
.intvecs   0    00000000    0000026c     
                  00000000    0000026c     tm4c123gh6pm_startup_ccs.obj (.intvecs)

.text      0    0000026c    00002c76     
                  0000026c    00001b1c     tasks.obj (.text)
                  00001d88    000001c4     port.obj (.text)
                  00001f4c    000001bc     main.obj (.text)
                  00002108    00000136     driverlib.lib : can.obj (.text:CANMessageSet)
                  0000223e    00000132                   : gpio.obj (.text:GPIOPadConfigSet)
                  00002370    00000132     list.obj (.text)
                  000024a2    00000002     --HOLE-- [fill = 0]
                  000024a4    00000110     Can_Driver.obj (.text)
                  000025b4    00000110     driverlib.lib : sysctl.obj (.text:SysCtlClockGet)
                  000026c4    0000010e                   : can.obj (.text:CANMessageGet)
                  000027d2    00000002     --HOLE-- [fill = 0]
                  000027d4    000000f4                   : sysctl.obj (.text:SysCtlClockSet)
                  000028c8    000000da     portasm.obj (.text)
                  000029a2    00000002     --HOLE-- [fill = 0]
                  000029a4    0000009c     heap_1.obj (.text)
                  00002a40    0000009c     rtsv7M4_T_le_v4SPD16_eabi.lib : memcpy_t2.asm.obj (.text)
                  00002adc    0000007a                                   : memset_t2.asm.obj (.text)
                  00002b56    00000002     --HOLE-- [fill = 0]
                  00002b58    0000006c     driverlib.lib : can.obj (.text:CANBitRateSet)
                  00002bc4    00000068     rtsv7M4_T_le_v4SPD16_eabi.lib : copy_decompress_lzss.c.obj (.text:decompress:lzss:__TI_decompress_lzss)
                  00002c2c    00000048     driverlib.lib : gpio.obj (.text:GPIOPinConfigure)
                  00002c74    00000044     rtsv7M4_T_le_v4SPD16_eabi.lib : autoinit.c.obj (.text:__TI_auto_init_nobinit_nopinit:__TI_auto_init_nobinit_nopinit)
                  00002cb8    00000040     driverlib.lib : can.obj (.text:CANStatusGet)
                  00002cf8    0000003a                   : can.obj (.text:CANInit)
                  00002d32    00000002     --HOLE-- [fill = 0]
                  00002d34    00000038                   : sysctl.obj (.text:SysCtlPeripheralReady)
                  00002d6c    00000038     rtsv7M4_T_le_v4SPD16_eabi.lib : boot_cortex_m.c.obj (.text:_c_int00_noargs:_c_int00_noargs)
                  00002da4    00000034     driverlib.lib : sysctl.obj (.text:SysCtlPeripheralEnable)
                  00002dd8    0000002a                   : gpio.obj (.text:GPIODirModeSet)
                  00002e02    0000002a                   : can.obj (.text:_CANDataRegRead)
                  00002e2c    00000024     DIO.obj (.text)
                  00002e50    00000024     driverlib.lib : can.obj (.text:_CANDataRegWrite)
                  00002e74    00000018                   : gpio.obj (.text:GPIOPinTypeGPIOOutput)
                  00002e8c    00000012                   : gpio.obj (.text:GPIOPinTypeCAN)
                  00002e9e    0000000e     rtsv7M4_T_le_v4SPD16_eabi.lib : copy_decompress_none.c.obj (.text:decompress:none:__TI_decompress_none)
                  00002eac    0000000c                                   : copy_zero_init.c.obj (.text:decompress:ZI:__TI_zero_init)
                  00002eb8    0000000c     tm4c123gh6pm_startup_ccs.obj (.text)
                  00002ec4    0000000a     driverlib.lib : can.obj (.text:CANEnable)
                  00002ece    00000006                   : gpio.obj (.text:GPIOPinWrite)
                  00002ed4    00000006                   : sysctl.obj (.text:SysCtlDelay)
                  00002eda    00000004     rtsv7M4_T_le_v4SPD16_eabi.lib : pre_init.c.obj (.text:_system_pre_init)
                  00002ede    00000004                                   : exit.c.obj (.text:abort:abort)

.const     0    00002ee4    00000124     
                  00002ee4    00000090     driverlib.lib : gpio.obj (.const:g_pui32GPIOBaseAddrs)
                  00002f74    0000006c                   : sysctl.obj (.const:g_pui32Xtals)
                  00002fe0    00000020                   : can.obj (.const)
                  00003000    00000008     port.obj (.const)

.cinit     0    00003008    00000040     
                  00003008    00000017     (.cinit..data.load) [load image, compression = lzss]
                  0000301f    00000001     --HOLE-- [fill = 0]
                  00003020    0000000c     (__TI_handler_table)
                  0000302c    00000004     --HOLE-- [fill = 0]
                  00003030    00000008     (.cinit..bss.load) [load image, compression = zero_init]
                  00003038    00000010     (__TI_cinit_table)

.init_array 
*          0    00000000    00000000     UNINITIALIZED

.bss       0    20000000    00004ef0     UNINITIALIZED
                  20000000    00004e20     heap_1.obj (.bss:ucHeap)
                  20004e20    00000064     tasks.obj (.bss:pxReadyTasksLists)
                  20004e84    00000014     tasks.obj (.bss:xDelayedTaskList1)
                  20004e98    00000014     tasks.obj (.bss:xDelayedTaskList2)
                  20004eac    00000014     tasks.obj (.bss:xPendingReadyList)
                  20004ec0    00000014     tasks.obj (.bss:xSuspendedTaskList)
                  20004ed4    00000014     tasks.obj (.bss:xTasksWaitingTermination)
                  20004ee8    00000008     tasks.obj (.bss)

.data      0    200050f0    00000058     UNINITIALIZED
                  200050f0    00000034     tasks.obj (.data)
                  20005124    0000000d     main.obj (.data)
                  20005131    00000003     --HOLE--
                  20005134    0000000c     port.obj (.data)
                  20005140    00000008     heap_1.obj (.data)

.stack     0    20004ef0    00000200     UNINITIALIZED
                  20004ef0    00000004     rtsv7M4_T_le_v4SPD16_eabi.lib : boot_cortex_m.c.obj (.stack)
                  20004ef4    000001fc     --HOLE--

MODULE SUMMARY

       Module                         code    ro data   rw data
       ------                         ----    -------   -------
    .\
       tm4c123gh6pm_startup_ccs.obj   12      620       0      
       main.obj                       444     0         13     
    +--+------------------------------+-------+---------+---------+
       Total:                         456     620       13     
                                                               
    .\MCAL\Can\
       Can_Driver.obj                 272     0         0      
    +--+------------------------------+-------+---------+---------+
       Total:                         272     0         0      
                                                               
    .\MCAL\DIO\
       DIO.obj                        36      0         0      
    +--+------------------------------+-------+---------+---------+
       Total:                         36      0         0      
                                                               
    .\RTOS\
       heap_1.obj                     156     0         20008  
       tasks.obj                      6940    0         260    
       port.obj                       452     8         12     
       list.obj                       306     0         0      
       portasm.obj                    218     0         0      
    +--+------------------------------+-------+---------+---------+
       Total:                         8072    8         20280  
                                                               
    C:/ti/TivaWare_C_Series-2.1.4.178/driverlib/ccs/Debug/driverlib.lib
       can.obj                        898     32        0      
       sysctl.obj                     630     108       0      
       gpio.obj                       468     144       0      
    +--+------------------------------+-------+---------+---------+
       Total:                         1996    284       0      
                                                               
    C:\ti\ccsv8\tools\compiler\ti-cgt-arm_18.1.6.LTS\lib\rtsv7M4_T_le_v4SPD16_eabi.lib
       memcpy_t2.asm.obj              156     0         0      
       memset_t2.asm.obj              122     0         0      
       copy_decompress_lzss.c.obj     104     0         0      
       autoinit.c.obj                 68      0         0      
       boot_cortex_m.c.obj            56      0         0      
       copy_decompress_none.c.obj     14      0         0      
       copy_zero_init.c.obj           12      0         0      
       exit.c.obj                     4       0         0      
       pre_init.c.obj                 4       0         0      
    +--+------------------------------+-------+---------+---------+
       Total:                         540     0         0      
                                                               
       Stack:                         0       0         512    
       Linker Generated:              0       59        0      
    +--+------------------------------+-------+---------+---------+
       Grand Total:                   11372   971       20805  


LINKER GENERATED COPY TABLES

__TI_cinit_table @ 00003038 records: 2, size/record: 8, table size: 16
	.data: load addr=00003008, load size=00000017 bytes, run addr=200050f0, run size=00000058 bytes, compression=lzss
	.bss: load addr=00003030, load size=00000008 bytes, run addr=20000000, run size=00004ef0 bytes, compression=zero_init


LINKER GENERATED HANDLER TABLE

__TI_handler_table @ 00003020 records: 3, size/record: 4, table size: 12
	index: 0, handler: __TI_decompress_lzss
	index: 1, handler: __TI_decompress_none
	index: 2, handler: __TI_zero_init


GLOBAL SYMBOLS: SORTED ALPHABETICALLY BY Name 

address   name                               
-------   ----                               
00002edf  C$$EXIT                            
00002b59  CANBitRateSet                      
00002ec5  CANEnable                          
00002cf9  CANInit                            
000026c5  CANMessageGet                      
00002109  CANMessageSet                      
00002cb9  CANStatusGet                       
000024a5  Can_Initalization                  
000024f7  Can_Recieve                        
00002dd9  GPIODirModeSet                     
0000223f  GPIOPadConfigSet                   
00002c2d  GPIOPinConfigure                   
00002e8d  GPIOPinTypeCAN                     
00002e75  GPIOPinTypeGPIOOutput              
00002ecf  GPIOPinWrite                       
00002e2d  Led_Initalization                  
00002eb9  ResetISR                           
000025b5  SysCtlClockGet                     
000027d5  SysCtlClockSet                     
00002ed5  SysCtlDelay                        
00002da5  SysCtlPeripheralEnable             
00002d35  SysCtlPeripheralReady              
00002559  VidMCAN_Transmit                   
200050f0  __STACK_END                        
00000200  __STACK_SIZE                       
200050f0  __STACK_TOP                        
00003038  __TI_CINIT_Base                    
00003048  __TI_CINIT_Limit                   
00003020  __TI_Handler_Table_Base            
0000302c  __TI_Handler_Table_Limit           
00002c75  __TI_auto_init_nobinit_nopinit     
00002bc5  __TI_decompress_lzss               
00002e9f  __TI_decompress_none               
ffffffff  __TI_pprof_out_hndl                
ffffffff  __TI_prof_data_size                
ffffffff  __TI_prof_data_start               
00000000  __TI_static_base__                 
00002ead  __TI_zero_init                     
00002add  __aeabi_memclr                     
00002add  __aeabi_memclr4                    
00002add  __aeabi_memclr8                    
00002a41  __aeabi_memcpy                     
00002a41  __aeabi_memcpy4                    
00002a41  __aeabi_memcpy8                    
00002adf  __aeabi_memset                     
00002adf  __aeabi_memset4                    
00002adf  __aeabi_memset8                    
ffffffff  __binit__                          
ffffffff  __c_args__                         
UNDEFED   __mpu_init                         
20004ef0  __stack                            
00002d6d  _c_int00_noargs                    
UNDEFED   _system_post_cinit                 
00002edb  _system_pre_init                   
00002edf  abort                              
ffffffff  binit                              
00000605  eTaskGetState                      
00000000  g_pfnVectors                       
00001f4d  main                               
00002a41  memcpy                             
00002ae5  memset                             
00000c0b  pcTaskGetName                      
000029a5  pvPortMalloc                       
00001879  pvTaskIncrementMutexHeldCount      
200050f0  pxCurrentTCB                       
00001d89  pxPortInitialiseStack              
00003000  ulMaxSyscallInterruptPriority      
000028d9  ulPortGetIPSR                      
00001899  ulTaskNotifyTake                   
0000245b  uxListRemove                       
00000c05  uxTaskGetNumberOfTasks             
0000157d  uxTaskGetStackHighWaterMark        
00000d9d  uxTaskGetSystemState               
000012e7  uxTaskGetTaskNumber                
000006b1  uxTaskPriorityGet                  
000006e1  uxTaskPriorityGetFromISR           
0000184d  uxTaskResetEventItemValue          
00001fbb  vInitialization_Task               
0000208b  vLed_task                          
00002371  vListInitialise                    
000023a1  vListInitialiseItem                
000023ed  vListInsert                        
000023b1  vListInsertEnd                     
00002021  vNormal_state                      
00002995  vPortEnableVFP                     
00001e87  vPortEndScheduler                  
00001e89  vPortEnterCritical                 
00001ea9  vPortExitCritical                  
00002a15  vPortFree                          
00002a1f  vPortInitialiseBlocks              
00002951  vPortSVCHandler                    
00001ee5  vPortSetupTimerInterrupt           
00002971  vPortStartFirstTask                
00001f01  vPortValidateInterruptPriority     
00001fd3  vStartup_state                     
000005c1  vTaskDelay                         
00000513  vTaskDelayUntil                    
00000483  vTaskDelete                        
00000a9f  vTaskEndScheduler                  
000013e9  vTaskGetInfo                       
00001219  vTaskInternalSetTimeOutState       
000012df  vTaskMissedYield                   
00001bcd  vTaskNotifyGiveFromISR             
000010a3  vTaskPlaceOnEventList              
000010c3  vTaskPlaceOnUnorderedEventList     
00001795  vTaskPriorityDisinheritAfterTimeout
00000731  vTaskPrioritySet                   
00001189  vTaskRemoveFromUnorderedEventList  
00000939  vTaskResume                        
00001307  vTaskSetTaskNumber                 
000011f1  vTaskSetTimeOutState               
00000a55  vTaskStartScheduler                
00000845  vTaskSuspend                       
00000abb  vTaskSuspendAll                    
0000101d  vTaskSwitchContext                 
00002a27  xPortGetFreeHeapSize               
000028f1  xPortPendSVHandler                 
00001df3  xPortStartScheduler                
00001ebf  xPortSysTickHandler                
00000e7d  xTaskAbortDelay                    
00001239  xTaskCheckForTimeOut               
0000026d  xTaskCreate                        
000019cb  xTaskGenericNotify                 
00001abd  xTaskGenericNotifyFromISR          
000015f5  xTaskGetCurrentTaskHandle          
00000d11  xTaskGetHandle                     
00000e6f  xTaskGetIdleTaskHandle             
00001621  xTaskGetSchedulerState             
00000bb9  xTaskGetTickCount                  
00000bd1  xTaskGetTickCountFromISR           
00000f09  xTaskIncrementTick                 
00001c81  xTaskNotifyStateClear              
00001921  xTaskNotifyWait                    
0000170f  xTaskPriorityDisinherit            
00001651  xTaskPriorityInherit               
000010f9  xTaskRemoveFromEventList           
00000ad1  xTaskResumeAll                     
000009b7  xTaskResumeFromISR                 


GLOBAL SYMBOLS: SORTED BY Symbol Address 

address   name                               
-------   ----                               
00000000  __TI_static_base__                 
00000000  g_pfnVectors                       
00000200  __STACK_SIZE                       
0000026d  xTaskCreate                        
00000483  vTaskDelete                        
00000513  vTaskDelayUntil                    
000005c1  vTaskDelay                         
00000605  eTaskGetState                      
000006b1  uxTaskPriorityGet                  
000006e1  uxTaskPriorityGetFromISR           
00000731  vTaskPrioritySet                   
00000845  vTaskSuspend                       
00000939  vTaskResume                        
000009b7  xTaskResumeFromISR                 
00000a55  vTaskStartScheduler                
00000a9f  vTaskEndScheduler                  
00000abb  vTaskSuspendAll                    
00000ad1  xTaskResumeAll                     
00000bb9  xTaskGetTickCount                  
00000bd1  xTaskGetTickCountFromISR           
00000c05  uxTaskGetNumberOfTasks             
00000c0b  pcTaskGetName                      
00000d11  xTaskGetHandle                     
00000d9d  uxTaskGetSystemState               
00000e6f  xTaskGetIdleTaskHandle             
00000e7d  xTaskAbortDelay                    
00000f09  xTaskIncrementTick                 
0000101d  vTaskSwitchContext                 
000010a3  vTaskPlaceOnEventList              
000010c3  vTaskPlaceOnUnorderedEventList     
000010f9  xTaskRemoveFromEventList           
00001189  vTaskRemoveFromUnorderedEventList  
000011f1  vTaskSetTimeOutState               
00001219  vTaskInternalSetTimeOutState       
00001239  xTaskCheckForTimeOut               
000012df  vTaskMissedYield                   
000012e7  uxTaskGetTaskNumber                
00001307  vTaskSetTaskNumber                 
000013e9  vTaskGetInfo                       
0000157d  uxTaskGetStackHighWaterMark        
000015f5  xTaskGetCurrentTaskHandle          
00001621  xTaskGetSchedulerState             
00001651  xTaskPriorityInherit               
0000170f  xTaskPriorityDisinherit            
00001795  vTaskPriorityDisinheritAfterTimeout
0000184d  uxTaskResetEventItemValue          
00001879  pvTaskIncrementMutexHeldCount      
00001899  ulTaskNotifyTake                   
00001921  xTaskNotifyWait                    
000019cb  xTaskGenericNotify                 
00001abd  xTaskGenericNotifyFromISR          
00001bcd  vTaskNotifyGiveFromISR             
00001c81  xTaskNotifyStateClear              
00001d89  pxPortInitialiseStack              
00001df3  xPortStartScheduler                
00001e87  vPortEndScheduler                  
00001e89  vPortEnterCritical                 
00001ea9  vPortExitCritical                  
00001ebf  xPortSysTickHandler                
00001ee5  vPortSetupTimerInterrupt           
00001f01  vPortValidateInterruptPriority     
00001f4d  main                               
00001fbb  vInitialization_Task               
00001fd3  vStartup_state                     
00002021  vNormal_state                      
0000208b  vLed_task                          
00002109  CANMessageSet                      
0000223f  GPIOPadConfigSet                   
00002371  vListInitialise                    
000023a1  vListInitialiseItem                
000023b1  vListInsertEnd                     
000023ed  vListInsert                        
0000245b  uxListRemove                       
000024a5  Can_Initalization                  
000024f7  Can_Recieve                        
00002559  VidMCAN_Transmit                   
000025b5  SysCtlClockGet                     
000026c5  CANMessageGet                      
000027d5  SysCtlClockSet                     
000028d9  ulPortGetIPSR                      
000028f1  xPortPendSVHandler                 
00002951  vPortSVCHandler                    
00002971  vPortStartFirstTask                
00002995  vPortEnableVFP                     
000029a5  pvPortMalloc                       
00002a15  vPortFree                          
00002a1f  vPortInitialiseBlocks              
00002a27  xPortGetFreeHeapSize               
00002a41  __aeabi_memcpy                     
00002a41  __aeabi_memcpy4                    
00002a41  __aeabi_memcpy8                    
00002a41  memcpy                             
00002add  __aeabi_memclr                     
00002add  __aeabi_memclr4                    
00002add  __aeabi_memclr8                    
00002adf  __aeabi_memset                     
00002adf  __aeabi_memset4                    
00002adf  __aeabi_memset8                    
00002ae5  memset                             
00002b59  CANBitRateSet                      
00002bc5  __TI_decompress_lzss               
00002c2d  GPIOPinConfigure                   
00002c75  __TI_auto_init_nobinit_nopinit     
00002cb9  CANStatusGet                       
00002cf9  CANInit                            
00002d35  SysCtlPeripheralReady              
00002d6d  _c_int00_noargs                    
00002da5  SysCtlPeripheralEnable             
00002dd9  GPIODirModeSet                     
00002e2d  Led_Initalization                  
00002e75  GPIOPinTypeGPIOOutput              
00002e8d  GPIOPinTypeCAN                     
00002e9f  __TI_decompress_none               
00002ead  __TI_zero_init                     
00002eb9  ResetISR                           
00002ec5  CANEnable                          
00002ecf  GPIOPinWrite                       
00002ed5  SysCtlDelay                        
00002edb  _system_pre_init                   
00002edf  C$$EXIT                            
00002edf  abort                              
00003000  ulMaxSyscallInterruptPriority      
00003020  __TI_Handler_Table_Base            
0000302c  __TI_Handler_Table_Limit           
00003038  __TI_CINIT_Base                    
00003048  __TI_CINIT_Limit                   
20004ef0  __stack                            
200050f0  __STACK_END                        
200050f0  __STACK_TOP                        
200050f0  pxCurrentTCB                       
ffffffff  __TI_pprof_out_hndl                
ffffffff  __TI_prof_data_size                
ffffffff  __TI_prof_data_start               
ffffffff  __binit__                          
ffffffff  __c_args__                         
ffffffff  binit                              
UNDEFED   __mpu_init                         
UNDEFED   _system_post_cinit                 

[138 symbols]
